// Jest Snapshot v1, https://goo.gl/fbAQLP

exports[`Patient Search test case matches snapshot 1`] = `
<DocumentFragment>
  <div>
    <label
      for="search-user"
    >
      <input
        name="search-user"
        placeholder="Search by name, emp ID"
      />
    </label>
  </div>
</DocumentFragment>
`;
